16:26:03  Running with dbt=1.7.19
16:26:03  Registered adapter: mysql=1.7.0
16:26:04  Found 17 models, 73 tests, 9 sources, 0 exposures, 0 metrics, 375 macros, 0 groups, 0 semantic models
16:26:04  
16:26:04  Concurrency: 1 threads (target='dev')
16:26:04  
16:26:04  1 of 90 START sql view model enterprise_spend.stg_fx_rates ..................... [RUN]
16:26:04  1 of 90 OK created sql view model enterprise_spend.stg_fx_rates ................ [SUCCESS 0 in 0.12s]
16:26:04  2 of 90 START sql view model enterprise_spend.stg_synthetic_approval_events .... [RUN]
16:26:04  2 of 90 OK created sql view model enterprise_spend.stg_synthetic_approval_events  [SUCCESS 0 in 0.09s]
16:26:04  3 of 90 START sql view model enterprise_spend.stg_synthetic_contracts .......... [RUN]
16:26:04  3 of 90 OK created sql view model enterprise_spend.stg_synthetic_contracts ..... [SUCCESS 0 in 0.08s]
16:26:04  4 of 90 START sql view model enterprise_spend.stg_synthetic_departments ........ [RUN]
16:26:04  4 of 90 OK created sql view model enterprise_spend.stg_synthetic_departments ... [SUCCESS 0 in 0.06s]
16:26:04  5 of 90 START sql view model enterprise_spend.stg_synthetic_expenses ........... [RUN]
16:26:04  5 of 90 OK created sql view model enterprise_spend.stg_synthetic_expenses ...... [SUCCESS 0 in 0.08s]
16:26:04  6 of 90 START sql view model enterprise_spend.stg_synthetic_vendors ............ [RUN]
16:26:04  6 of 90 OK created sql view model enterprise_spend.stg_synthetic_vendors ....... [SUCCESS 0 in 0.07s]
16:26:04  7 of 90 START sql view model enterprise_spend.stg_vendor_satisfaction .......... [RUN]
16:26:04  7 of 90 OK created sql view model enterprise_spend.stg_vendor_satisfaction ..... [SUCCESS 0 in 0.07s]
16:26:04  8 of 90 START test accepted_values_stg_fx_rates_base_currency__EUR__USD ........ [RUN]
16:26:04  8 of 90 PASS accepted_values_stg_fx_rates_base_currency__EUR__USD .............. [PASS in 0.04s]
16:26:04  9 of 90 START test accepted_values_stg_fx_rates_quote_currency__GBP ............ [RUN]
16:26:04  9 of 90 PASS accepted_values_stg_fx_rates_quote_currency__GBP .................. [PASS in 0.02s]
16:26:04  10 of 90 START test not_null_stg_fx_rates_fx_rate_id ........................... [RUN]
16:26:04  10 of 90 PASS not_null_stg_fx_rates_fx_rate_id ................................. [PASS in 0.03s]
16:26:04  11 of 90 START test unique_stg_fx_rates_fx_rate_id ............................. [RUN]
16:26:04  11 of 90 PASS unique_stg_fx_rates_fx_rate_id ................................... [PASS in 0.03s]
16:26:04  12 of 90 START test accepted_values_stg_synthetic_approval_events_event_sequence__False__1__2__3__4  [RUN]
16:26:05  12 of 90 PASS accepted_values_stg_synthetic_approval_events_event_sequence__False__1__2__3__4  [PASS in 0.06s]
16:26:05  13 of 90 START test accepted_values_stg_synthetic_approval_events_event_type__purchase_request__manager_approval__finance_approval__payment  [RUN]
16:26:05  13 of 90 PASS accepted_values_stg_synthetic_approval_events_event_type__purchase_request__manager_approval__finance_approval__payment  [PASS in 0.20s]
16:26:05  14 of 90 START test assert_approval_event_sequence ............................. [RUN]
16:26:05  14 of 90 PASS assert_approval_event_sequence ................................... [PASS in 0.16s]
16:26:05  15 of 90 START test not_null_stg_synthetic_approval_events_event_id ............ [RUN]
16:26:05  15 of 90 PASS not_null_stg_synthetic_approval_events_event_id .................. [PASS in 0.07s]
16:26:05  16 of 90 START test not_null_stg_synthetic_approval_events_expense_id .......... [RUN]
16:26:05  16 of 90 PASS not_null_stg_synthetic_approval_events_expense_id ................ [PASS in 0.03s]
16:26:05  17 of 90 START test unique_stg_synthetic_approval_events_event_id .............. [RUN]
16:26:05  17 of 90 PASS unique_stg_synthetic_approval_events_event_id .................... [PASS in 0.11s]
16:26:05  18 of 90 START test accepted_values_stg_synthetic_contracts_contract_status__approved  [RUN]
16:26:05  18 of 90 PASS accepted_values_stg_synthetic_contracts_contract_status__approved  [PASS in 0.03s]
16:26:05  19 of 90 START test not_null_stg_synthetic_contracts_contract_id ............... [RUN]
16:26:05  19 of 90 PASS not_null_stg_synthetic_contracts_contract_id ..................... [PASS in 0.05s]
16:26:05  20 of 90 START test not_null_stg_synthetic_contracts_vendor_id ................. [RUN]
16:26:05  20 of 90 PASS not_null_stg_synthetic_contracts_vendor_id ....................... [PASS in 0.05s]
16:26:05  21 of 90 START test unique_stg_synthetic_contracts_contract_id ................. [RUN]
16:26:05  21 of 90 PASS unique_stg_synthetic_contracts_contract_id ....................... [PASS in 0.03s]
16:26:05  22 of 90 START test accepted_values_stg_synthetic_departments_is_synthetic__False__1  [RUN]
16:26:05  22 of 90 PASS accepted_values_stg_synthetic_departments_is_synthetic__False__1 . [PASS in 0.03s]
16:26:05  23 of 90 START test not_null_stg_synthetic_departments_department_id ........... [RUN]
16:26:05  23 of 90 PASS not_null_stg_synthetic_departments_department_id ................. [PASS in 0.03s]
16:26:05  24 of 90 START test unique_stg_synthetic_departments_department_id ............. [RUN]
16:26:05  24 of 90 PASS unique_stg_synthetic_departments_department_id ................... [PASS in 0.03s]
16:26:05  25 of 90 START test accepted_values_stg_synthetic_expenses_is_synthetic__False__1  [RUN]
16:26:05  25 of 90 PASS accepted_values_stg_synthetic_expenses_is_synthetic__False__1 .... [PASS in 0.06s]
16:26:05  26 of 90 START test accepted_values_stg_synthetic_expenses_original_currency__GBP__EUR__USD  [RUN]
16:26:05  26 of 90 PASS accepted_values_stg_synthetic_expenses_original_currency__GBP__EUR__USD  [PASS in 0.04s]
16:26:05  27 of 90 START test not_null_stg_synthetic_expenses_department_id .............. [RUN]
16:26:06  27 of 90 PASS not_null_stg_synthetic_expenses_department_id .................... [PASS in 0.03s]
16:26:06  28 of 90 START test not_null_stg_synthetic_expenses_expense_id ................. [RUN]
16:26:06  28 of 90 PASS not_null_stg_synthetic_expenses_expense_id ....................... [PASS in 0.03s]
16:26:06  29 of 90 START test not_null_stg_synthetic_expenses_vendor_id .................. [RUN]
16:26:06  29 of 90 PASS not_null_stg_synthetic_expenses_vendor_id ........................ [PASS in 0.03s]
16:26:06  30 of 90 START test relationships_stg_synthetic_approval_events_expense_id__expense_id__ref_stg_synthetic_expenses_  [RUN]
16:26:06  30 of 90 PASS relationships_stg_synthetic_approval_events_expense_id__expense_id__ref_stg_synthetic_expenses_  [PASS in 0.07s]
16:26:06  31 of 90 START test relationships_stg_synthetic_expenses_department_id__department_id__ref_stg_synthetic_departments_  [RUN]
16:26:06  31 of 90 PASS relationships_stg_synthetic_expenses_department_id__department_id__ref_stg_synthetic_departments_  [PASS in 0.05s]
16:26:06  32 of 90 START test relationships_stg_synthetic_expenses_submitted_contract_id__contract_id__ref_stg_synthetic_contracts_  [RUN]
16:26:06  32 of 90 PASS relationships_stg_synthetic_expenses_submitted_contract_id__contract_id__ref_stg_synthetic_contracts_  [PASS in 0.05s]
16:26:06  33 of 90 START test unique_stg_synthetic_expenses_expense_id ................... [RUN]
16:26:06  33 of 90 PASS unique_stg_synthetic_expenses_expense_id ......................... [PASS in 0.05s]
16:26:06  34 of 90 START test accepted_values_stg_synthetic_vendors_default_currency__GBP__EUR__USD  [RUN]
16:26:06  34 of 90 PASS accepted_values_stg_synthetic_vendors_default_currency__GBP__EUR__USD  [PASS in 0.04s]
16:26:06  35 of 90 START test accepted_values_stg_synthetic_vendors_is_synthetic__False__1  [RUN]
16:26:06  35 of 90 PASS accepted_values_stg_synthetic_vendors_is_synthetic__False__1 ..... [PASS in 0.04s]
16:26:06  36 of 90 START test accepted_values_stg_synthetic_vendors_risk_tier__low__medium__high  [RUN]
16:26:06  36 of 90 PASS accepted_values_stg_synthetic_vendors_risk_tier__low__medium__high  [PASS in 0.04s]
16:26:06  37 of 90 START test not_null_stg_synthetic_vendors_vendor_id ................... [RUN]
16:26:06  37 of 90 PASS not_null_stg_synthetic_vendors_vendor_id ......................... [PASS in 0.02s]
16:26:06  38 of 90 START test relationships_stg_synthetic_contracts_vendor_id__vendor_id__ref_stg_synthetic_vendors_  [RUN]
16:26:06  38 of 90 PASS relationships_stg_synthetic_contracts_vendor_id__vendor_id__ref_stg_synthetic_vendors_  [PASS in 0.03s]
16:26:06  39 of 90 START test relationships_stg_synthetic_expenses_vendor_id__vendor_id__ref_stg_synthetic_vendors_  [RUN]
16:26:06  39 of 90 PASS relationships_stg_synthetic_expenses_vendor_id__vendor_id__ref_stg_synthetic_vendors_  [PASS in 0.03s]
16:26:06  40 of 90 START test unique_stg_synthetic_vendors_vendor_id ..................... [RUN]
16:26:06  40 of 90 PASS unique_stg_synthetic_vendors_vendor_id ........................... [PASS in 0.03s]
16:26:06  41 of 90 START test accepted_values_stg_vendor_satisfaction_overall_rating__False__1__2__3__4__5  [RUN]
16:26:06  41 of 90 PASS accepted_values_stg_vendor_satisfaction_overall_rating__False__1__2__3__4__5  [PASS in 0.03s]
16:26:06  42 of 90 START test not_null_stg_vendor_satisfaction_response_id ............... [RUN]
16:26:06  42 of 90 PASS not_null_stg_vendor_satisfaction_response_id ..................... [PASS in 0.04s]
16:26:06  43 of 90 START test not_null_stg_vendor_satisfaction_vendor_id ................. [RUN]
16:26:06  43 of 90 PASS not_null_stg_vendor_satisfaction_vendor_id ....................... [PASS in 0.04s]
16:26:06  44 of 90 START test relationships_stg_vendor_satisfaction_vendor_id__vendor_id__ref_stg_synthetic_vendors_  [RUN]
16:26:06  44 of 90 PASS relationships_stg_vendor_satisfaction_vendor_id__vendor_id__ref_stg_synthetic_vendors_  [PASS in 0.03s]
16:26:06  45 of 90 START test unique_stg_vendor_satisfaction_response_id ................. [RUN]
16:26:06  45 of 90 PASS unique_stg_vendor_satisfaction_response_id ....................... [PASS in 0.03s]
16:26:06  46 of 90 START sql view model enterprise_spend.int_approval_cycles ............. [RUN]
16:26:06  46 of 90 OK created sql view model enterprise_spend.int_approval_cycles ........ [SUCCESS 0 in 0.08s]
16:26:06  47 of 90 START sql view model enterprise_spend.int_expense_contract_match ...... [RUN]
16:26:06  47 of 90 OK created sql view model enterprise_spend.int_expense_contract_match . [SUCCESS 0 in 0.09s]
16:26:06  48 of 90 START sql view model enterprise_spend.int_expense_fx .................. [RUN]
16:26:06  48 of 90 OK created sql view model enterprise_spend.int_expense_fx ............. [SUCCESS 0 in 0.10s]
16:26:06  49 of 90 START sql view model enterprise_spend.int_vendor_satisfaction ......... [RUN]
16:26:07  49 of 90 OK created sql view model enterprise_spend.int_vendor_satisfaction .... [SUCCESS 0 in 0.09s]
16:26:07  50 of 90 START test accepted_values_int_approval_cycles_approval_sla_breached__False__0__1  [RUN]
16:26:07  50 of 90 PASS accepted_values_int_approval_cycles_approval_sla_breached__False__0__1  [PASS in 0.21s]
16:26:07  51 of 90 START test assert_approval_timestamp_order ............................ [RUN]
16:26:07  51 of 90 PASS assert_approval_timestamp_order .................................. [PASS in 0.24s]
16:26:07  52 of 90 START test assert_expected_source_counts .............................. [RUN]
16:26:07  52 of 90 PASS assert_expected_source_counts .................................... [PASS in 0.19s]
16:26:07  53 of 90 START test assert_phase3_approval_reconciliation ...................... [RUN]
16:26:07  53 of 90 PASS assert_phase3_approval_reconciliation ............................ [PASS in 0.26s]
16:26:07  54 of 90 START test not_null_int_approval_cycles_expense_id .................... [RUN]
16:26:08  54 of 90 PASS not_null_int_approval_cycles_expense_id .......................... [PASS in 0.06s]
16:26:08  55 of 90 START test relationships_int_approval_cycles_expense_id__expense_id__ref_stg_synthetic_expenses_  [RUN]
16:26:08  55 of 90 PASS relationships_int_approval_cycles_expense_id__expense_id__ref_stg_synthetic_expenses_  [PASS in 0.24s]
16:26:08  56 of 90 START test unique_int_approval_cycles_expense_id ...................... [RUN]
16:26:08  56 of 90 PASS unique_int_approval_cycles_expense_id ............................ [PASS in 0.26s]
16:26:08  57 of 90 START test accepted_values_int_expense_contract_match_contract_compliance_status__compliant_submitted_contract__compliant_alternate_master_match__compliant_master_match__invalid_contract_reference__non_compliant_vendor_mismatch__non_compliant_category_mismatch__non_compliant_outside_validity__no_active_matching_contract  [RUN]
16:26:08  57 of 90 PASS accepted_values_int_expense_contract_match_contract_compliance_status__compliant_submitted_contract__compliant_alternate_master_match__compliant_master_match__invalid_contract_reference__non_compliant_vendor_mismatch__non_compliant_category_mismatch__non_compliant_outside_validity__no_active_matching_contract  [PASS in 0.13s]
16:26:08  58 of 90 START test assert_contract_match_consistency .......................... [RUN]
16:26:08  58 of 90 PASS assert_contract_match_consistency ................................ [PASS in 0.13s]
16:26:08  59 of 90 START test not_null_int_expense_contract_match_contract_compliance_status  [RUN]
16:26:08  59 of 90 PASS not_null_int_expense_contract_match_contract_compliance_status ... [PASS in 0.11s]
16:26:08  60 of 90 START test not_null_int_expense_contract_match_expense_id ............. [RUN]
16:26:08  60 of 90 PASS not_null_int_expense_contract_match_expense_id ................... [PASS in 0.03s]
16:26:08  61 of 90 START test relationships_int_expense_contract_match_matched_contract_id__contract_id__ref_stg_synthetic_contracts_  [RUN]
16:26:09  61 of 90 PASS relationships_int_expense_contract_match_matched_contract_id__contract_id__ref_stg_synthetic_contracts_  [PASS in 0.19s]
16:26:09  62 of 90 START test unique_int_expense_contract_match_expense_id ............... [RUN]
16:26:09  62 of 90 PASS unique_int_expense_contract_match_expense_id ..................... [PASS in 0.17s]
16:26:09  63 of 90 START test assert_fx_rules ............................................ [RUN]
16:26:20  63 of 90 PASS assert_fx_rules .................................................. [PASS in 10.89s]
16:26:20  64 of 90 START test not_null_int_expense_fx_amount_gbp ......................... [RUN]
16:26:29  64 of 90 PASS not_null_int_expense_fx_amount_gbp ............................... [PASS in 9.41s]
16:26:29  65 of 90 START test not_null_int_expense_fx_expense_id ......................... [RUN]
16:26:29  65 of 90 PASS not_null_int_expense_fx_expense_id ............................... [PASS in 0.03s]
16:26:29  66 of 90 START test not_null_int_expense_fx_fx_rate_to_gbp ..................... [RUN]
16:26:40  66 of 90 PASS not_null_int_expense_fx_fx_rate_to_gbp ........................... [PASS in 10.36s]
16:26:40  67 of 90 START test unique_int_expense_fx_expense_id ........................... [RUN]
16:26:51  67 of 90 PASS unique_int_expense_fx_expense_id ................................. [PASS in 10.98s]
16:26:51  68 of 90 START test not_null_int_vendor_satisfaction_vendor_id ................. [RUN]
16:26:51  68 of 90 PASS not_null_int_vendor_satisfaction_vendor_id ....................... [PASS in 0.04s]
16:26:51  69 of 90 START test relationships_int_vendor_satisfaction_vendor_id__vendor_id__ref_stg_synthetic_vendors_  [RUN]
16:26:51  69 of 90 PASS relationships_int_vendor_satisfaction_vendor_id__vendor_id__ref_stg_synthetic_vendors_  [PASS in 0.03s]
16:26:51  70 of 90 START test unique_int_vendor_satisfaction_vendor_id ................... [RUN]
16:26:51  70 of 90 PASS unique_int_vendor_satisfaction_vendor_id ......................... [PASS in 0.03s]
16:26:51  71 of 90 START sql view model enterprise_spend.int_synthetic_spend ............. [RUN]
16:26:51  71 of 90 OK created sql view model enterprise_spend.int_synthetic_spend ........ [SUCCESS 0 in 0.08s]
16:26:51  72 of 90 START test accepted_values_int_synthetic_spend_is_synthetic__False__1 . [RUN]
16:26:51  72 of 90 PASS accepted_values_int_synthetic_spend_is_synthetic__False__1 ....... [PASS in 0.03s]
16:26:51  73 of 90 START test assert_phase3_spend_reconciliation ......................... [RUN]
16:28:36  73 of 90 PASS assert_phase3_spend_reconciliation ............................... [PASS in 105.04s]
16:28:36  74 of 90 START test assert_synthetic_labels .................................... [RUN]
16:28:36  74 of 90 PASS assert_synthetic_labels .......................................... [PASS in 0.49s]
16:28:36  75 of 90 START test assert_total_spend_reconciliation .......................... [RUN]
16:28:48  75 of 90 PASS assert_total_spend_reconciliation ................................ [PASS in 11.99s]
16:28:48  76 of 90 START test not_null_int_synthetic_spend_expense_id .................... [RUN]
16:28:48  76 of 90 PASS not_null_int_synthetic_spend_expense_id .......................... [PASS in 0.04s]
16:28:48  77 of 90 START test relationships_int_synthetic_spend_department_id__department_id__ref_stg_synthetic_departments_  [RUN]
16:29:00  77 of 90 PASS relationships_int_synthetic_spend_department_id__department_id__ref_stg_synthetic_departments_  [PASS in 11.88s]
16:29:00  78 of 90 START test relationships_int_synthetic_spend_vendor_id__vendor_id__ref_stg_synthetic_vendors_  [RUN]
16:29:12  78 of 90 PASS relationships_int_synthetic_spend_vendor_id__vendor_id__ref_stg_synthetic_vendors_  [PASS in 11.68s]
16:29:12  79 of 90 START test unique_int_synthetic_spend_expense_id ...................... [RUN]
16:29:24  79 of 90 PASS unique_int_synthetic_spend_expense_id ............................ [PASS in 11.80s]
16:29:24  80 of 90 START sql table model enterprise_spend.mart_approval_performance ...... [RUN]
16:29:36  80 of 90 OK created sql table model enterprise_spend.mart_approval_performance . [SUCCESS 144 in 12.59s]
16:29:36  81 of 90 START sql table model enterprise_spend.mart_contract_compliance ....... [RUN]
16:29:48  81 of 90 OK created sql table model enterprise_spend.mart_contract_compliance .. [SUCCESS 2918 in 11.98s]
16:29:48  82 of 90 START sql table model enterprise_spend.mart_department_spend .......... [RUN]
16:30:00  82 of 90 OK created sql table model enterprise_spend.mart_department_spend ..... [SUCCESS 12 in 12.01s]
16:30:00  83 of 90 START sql table model enterprise_spend.mart_monthly_currency_spend .... [RUN]
16:30:13  83 of 90 OK created sql table model enterprise_spend.mart_monthly_currency_spend  [SUCCESS 36 in 12.27s]
16:30:13  84 of 90 START sql table model enterprise_spend.mart_vendor_performance ........ [RUN]
16:30:24  84 of 90 OK created sql table model enterprise_spend.mart_vendor_performance ... [SUCCESS 125 in 11.32s]
16:30:24  85 of 90 START test accepted_values_mart_department_spend_record_origin__synthetic_fictional_company  [RUN]
16:30:24  85 of 90 PASS accepted_values_mart_department_spend_record_origin__synthetic_fictional_company  [PASS in 0.03s]
16:30:24  86 of 90 START test not_null_mart_department_spend_department_id ............... [RUN]
16:30:24  86 of 90 PASS not_null_mart_department_spend_department_id ..................... [PASS in 0.03s]
16:30:24  87 of 90 START test unique_mart_department_spend_department_id ................. [RUN]
16:30:24  87 of 90 PASS unique_mart_department_spend_department_id ....................... [PASS in 0.02s]
16:30:24  88 of 90 START test assert_mart_spend_reconciliation ........................... [RUN]
16:30:50  88 of 90 PASS assert_mart_spend_reconciliation ................................. [PASS in 25.95s]
16:30:50  89 of 90 START test not_null_mart_vendor_performance_vendor_id ................. [RUN]
16:30:50  89 of 90 PASS not_null_mart_vendor_performance_vendor_id ....................... [PASS in 0.07s]
16:30:50  90 of 90 START test unique_mart_vendor_performance_vendor_id ................... [RUN]
16:30:50  90 of 90 PASS unique_mart_vendor_performance_vendor_id ......................... [PASS in 0.05s]
16:30:50  
16:30:50  Finished running 12 view models, 73 tests, 5 table models in 0 hours 4 minutes and 46.41 seconds (286.41s).
16:30:50  
16:30:50  Completed successfully
16:30:50  
16:30:50  Done. PASS=90 WARN=0 ERROR=0 SKIP=0 TOTAL=90
